#0 building with "desktop-linux" instance using docker driver

#1 [internal] load build definition from Dockerfile
#1 transferring dockerfile: 1.29kB done
#1 DONE 0.0s

#2 [internal] load metadata for mcr.microsoft.com/dotnet/sdk:10.0
#2 DONE 0.1s

#3 [internal] load metadata for mcr.microsoft.com/dotnet/aspnet:10.0
#3 DONE 0.2s

#4 [internal] load .dockerignore
#4 transferring context: 158B done
#4 DONE 0.0s

#5 [runtime 1/7] FROM mcr.microsoft.com/dotnet/aspnet:10.0@sha256:222759b391a1aaf241166672c8f99b2d4ada452e7b5319f3c6e8f265a37b5ad4
#5 resolve mcr.microsoft.com/dotnet/aspnet:10.0@sha256:222759b391a1aaf241166672c8f99b2d4ada452e7b5319f3c6e8f265a37b5ad4 0.0s done
#5 DONE 0.0s

#6 [build 1/9] FROM mcr.microsoft.com/dotnet/sdk:10.0@sha256:4ea6fe75dd36706bb6d8c3c293d4c4315840f5d76ea28ac97def77e3ec487fa5
#6 resolve mcr.microsoft.com/dotnet/sdk:10.0@sha256:4ea6fe75dd36706bb6d8c3c293d4c4315840f5d76ea28ac97def77e3ec487fa5 0.0s done
#6 DONE 0.0s

#7 [internal] load build context
#7 transferring context: 121.73kB 0.0s done
#7 DONE 0.0s

#8 [build 2/9] RUN apt-get update && apt-get install -y --no-install-recommends build-essential libvips-dev pkg-config && rm -rf /var/lib/apt/lists/*
#8 CACHED

#9 [build 3/9] WORKDIR /src
#9 CACHED

#10 [build 4/9] COPY NuGet.Config global.json ./
#10 CACHED

#11 [build 5/9] COPY src/Campfire/Campfire.csproj src/Campfire/
#11 CACHED

#12 [build 6/9] RUN dotnet restore src/Campfire/Campfire.csproj
#12 CACHED

#13 [build 7/9] COPY src/Campfire/ src/Campfire/
#13 DONE 0.2s

#14 [build 8/9] RUN dotnet publish src/Campfire/Campfire.csproj -c Release --no-restore -o /app
#14 6.265   Campfire -> /src/src/Campfire/bin/Release/net10.0/Campfire.dll
#14 9.950   Campfire -> /app/
#14 DONE 10.1s

#15 [build 9/9] RUN cc -O2 -Wall -Werror=incompatible-pointer-types -o /app/vips-safe src/Campfire/Features/Storage/native/vips-safe.c $(pkg-config --cflags --libs vips)
#15 DONE 0.5s

#16 [runtime 2/7] RUN apt-get update && apt-get install -y --no-install-recommends libvips-tools ffmpeg file && rm -rf /var/lib/apt/lists/*
#16 CACHED

#17 [runtime 3/7] WORKDIR /app
#17 CACHED

#18 [runtime 4/7] COPY --from=build /app .
#18 DONE 0.2s

#19 [runtime 5/7] COPY hooks/ /hooks/
#19 DONE 0.1s

#20 [runtime 6/7] RUN sed -i 's/\r$//' /hooks/pre-backup /hooks/post-restore && chmod +x /hooks/pre-backup /hooks/post-restore
#20 DONE 0.2s

#21 [runtime 7/7] RUN mkdir -p /rails/storage/db /rails/storage/files && chown -R app:app /rails/storage
#21 DONE 0.2s

#22 exporting to image
#22 exporting layers
#22 exporting layers 1.9s done
#22 exporting manifest sha256:a28197dcd65b904d58eefc1c527b610e72c5c8eabe38378f0b63ade6b38730d4 0.0s done
#22 exporting config sha256:092b0237ac487cd847751e136ea7d7806bff3a4c177bee036aa3c3667a986601 0.0s done
#22 exporting attestation manifest sha256:cd12a09fd90f367c82b50beecbb159ce8ba90a7b98c8b70a7273a2077fab30d8 0.0s done
#22 exporting manifest list sha256:584ff2a329ee6ef24c4781d2a3d2b3f3608b4a4899ad8fb8040a23578626188f 0.0s done
#22 naming to docker.io/library/campfire-dotnet:rails-errors-jit done
#22 unpacking to docker.io/library/campfire-dotnet:rails-errors-jit
#22 unpacking to docker.io/library/campfire-dotnet:rails-errors-jit 0.6s done
#22 DONE 2.6s

View build details: docker-desktop://dashboard/build/desktop-linux/desktop-linux/jnrfld412tk2xfxfkjnfn405o
