#0 building with "desktop-linux" instance using docker driver

#1 [internal] load build definition from Dockerfile
#1 transferring dockerfile: 1.29kB done
#1 DONE 0.0s

#2 [internal] load metadata for mcr.microsoft.com/dotnet/sdk:10.0
#2 DONE 0.1s

#3 [internal] load metadata for mcr.microsoft.com/dotnet/aspnet:10.0
#3 DONE 0.2s

#4 [internal] load .dockerignore
#4 transferring context: 158B done
#4 DONE 0.0s

#5 [build 1/9] FROM mcr.microsoft.com/dotnet/sdk:10.0@sha256:4ea6fe75dd36706bb6d8c3c293d4c4315840f5d76ea28ac97def77e3ec487fa5
#5 resolve mcr.microsoft.com/dotnet/sdk:10.0@sha256:4ea6fe75dd36706bb6d8c3c293d4c4315840f5d76ea28ac97def77e3ec487fa5 0.0s done
#5 DONE 0.0s

#6 [runtime 1/7] FROM mcr.microsoft.com/dotnet/aspnet:10.0@sha256:222759b391a1aaf241166672c8f99b2d4ada452e7b5319f3c6e8f265a37b5ad4
#6 resolve mcr.microsoft.com/dotnet/aspnet:10.0@sha256:222759b391a1aaf241166672c8f99b2d4ada452e7b5319f3c6e8f265a37b5ad4 0.0s done
#6 DONE 0.0s

#7 [internal] load build context
#7 transferring context: 117.81kB 0.0s done
#7 DONE 0.0s

#8 [build 4/9] COPY NuGet.Config global.json ./
#8 CACHED

#9 [build 5/9] COPY src/Campfire/Campfire.csproj src/Campfire/
#9 CACHED

#10 [build 2/9] RUN apt-get update && apt-get install -y --no-install-recommends build-essential libvips-dev pkg-config && rm -rf /var/lib/apt/lists/*
#10 CACHED

#11 [build 3/9] WORKDIR /src
#11 CACHED

#12 [build 6/9] RUN dotnet restore src/Campfire/Campfire.csproj
#12 CACHED

#13 [build 7/9] COPY src/Campfire/ src/Campfire/
#13 DONE 0.2s

#14 [build 8/9] RUN dotnet publish src/Campfire/Campfire.csproj -c Release --no-restore -o /app
#14 6.395   Campfire -> /src/src/Campfire/bin/Release/net10.0/Campfire.dll
#14 10.10   Campfire -> /app/
#14 DONE 10.3s

#15 [build 9/9] RUN cc -O2 -Wall -Werror=incompatible-pointer-types -o /app/vips-safe src/Campfire/Features/Storage/native/vips-safe.c $(pkg-config --cflags --libs vips)
#15 DONE 0.5s

#16 [runtime 2/7] RUN apt-get update && apt-get install -y --no-install-recommends libvips-tools ffmpeg file && rm -rf /var/lib/apt/lists/*
#16 CACHED

#17 [runtime 3/7] WORKDIR /app
#17 CACHED

#18 [runtime 4/7] COPY --from=build /app .
#18 DONE 0.2s

#19 [runtime 5/7] COPY hooks/ /hooks/
#19 DONE 0.0s

#20 [runtime 6/7] RUN sed -i 's/\r$//' /hooks/pre-backup /hooks/post-restore && chmod +x /hooks/pre-backup /hooks/post-restore
#20 DONE 0.2s

#21 [runtime 7/7] RUN mkdir -p /rails/storage/db /rails/storage/files && chown -R app:app /rails/storage
#21 DONE 0.3s

#22 exporting to image
#22 exporting layers
#22 exporting layers 1.9s done
#22 exporting manifest sha256:6ea02ad740aaaf83576b8903e9b48197e6d060279d1764f12d1a27a61e28aac1 0.0s done
#22 exporting config sha256:692366c7b193de621bec1692307193b46889bda0d6a557ec03043bda025fd35a 0.0s done
#22 exporting attestation manifest sha256:4e23bcc1ddf58cf97e23f7eea021ba1481668bd0e6881ed138419df3f80376e4 0.0s done
#22 exporting manifest list sha256:fc0c4f7ba1dbd5b19d22d6af892dfc5ddeb393ce86a57866f0666cde409bca94 0.0s done
#22 naming to docker.io/library/campfire-dotnet:rails-errors-v2-jit done
#22 unpacking to docker.io/library/campfire-dotnet:rails-errors-v2-jit
#22 unpacking to docker.io/library/campfire-dotnet:rails-errors-v2-jit 0.6s done
#22 DONE 2.6s

View build details: docker-desktop://dashboard/build/desktop-linux/desktop-linux/16mmunayiub8eiuuz8pyeai0u
